3619
391
1837
285
360
944
2016
1355
1971
678
2072
1844
1005
1191
745
2114
503
2769
3630
1030
1344
1331
1328
579
2278
3921
1003
1220
4150
3316
3492
2753
1812
3141
515
3532
949
1003
897
628
752
768
272
430
1339
84
278
2163
2755
60
515
2552
2644
248
235
1055
1473
247
4467
1814
1409
2239
1904
1175
810
1220
957
1275
3776
1197
1204
3406
4733
2339
3741
2287
2412
1178
1783
1189
2490
2359
4086
2692
361
1391
539
1264
1557
658
3627
3125
934
3828
64
1232
2012
1989
659
3427
