3223 3226-3229 3231-3233 3235-3237 3707-3710 3713-3715 3717-3720 3722 6667 6669-6672 6674-6676 6678 6679 6681 12840-12842 12844-12846 12849-12852 12854 12856 17256 17257 17259-17262 17264 17265 17267 17270-17273 18482 18483 18485 26057 26059 26061-26063 26065-26067 26069 26071-26075 26250-26253 26255 26256 28814-28818 29810-29812 29814 29816-29818 29820 29821 29823 30333 32747 32750 32753-32757 32759 37526 37528 37529 37531 37532 37534 37997 38000 38002-38004 38006 38007 38009 38010 45745 45746 63230-63232 63235 63236 63239 63240 65744 65745 67991 67994 67996-67999 68001 68002 91621 91623 91624
