5741 5742 5744-5746 5748-5752 5754-5756 5758 5759 8496 8498 8499 8501 22016 22019 22020 22022-22025 22027 22028 31882 31884-31886 31888 31890 31891 32586 32587 32589 32590 32593 32595-32599 32601 32602 32604 33598 33600-33605 35274 35276-35278 35281 35284 35286 35287 35629-35633 35635-35637 35639 35641-35644 35647-35650 37086-37089 37091 37092 37095 37097-37104 37106 38945 38946 38948 38949 39610 39611 47971 47973-47975 47977 50917 50919-50924 50926 50927 50929 50932 51685-51688 51690 51691 51693-51696 51699 51702-51704 52543 52545-52547 52549 54624 54627 54628 54631 54634 54636 55464-55466 55468 55469 55471 56962-56964 56966 56967 56969 56971 56973-56975 70606 76968-76970 76972-76976 76978 76979 76981-76983 76986 80823-80825 80827 80829 80831 80833-80835 80837-80840 80843-80845 84090 84091 84093 84662 84664-84668 84670 84671 84673-84675 84677-84680 95187 95188 95190 95191 95193-95195 95198
